// Jest Snapshot v1, https://goo.gl/fbAQLP

exports[`findMinimumDistances works correctly from the 0 index vertex: 0 index vertex 1`] = `
[
  0,
  1,
  1,
  2,
  3,
  3,
  2,
  3,
  4,
]
`;

exports[`findMinimumDistances works correctly from the 3 index vertex: 3 index vertex 1`] = `
[
  2,
  1,
  1,
  0,
  1,
  1,
  1,
  2,
  3,
]
`;

exports[`findMinimumDistances works correctly from the 7 index vertex: 7 index vertex 1`] = `
[
  3,
  2,
  3,
  2,
  1,
  1,
  1,
  0,
  1,
]
`;
