// Jest Snapshot v1, https://goo.gl/fbAQLP

exports[`convertEdgesToAdjacencyMatrixGraph properly converts Edges into AdjacencyMatrixGraph 1`] = `
[
  [
    ,
    1,
    ,
    1,
  ],
  [
    1,
    ,
    ,
    ,
    ,
    1,
    1,
  ],
  [
    ,
    ,
    ,
    ,
    ,
    ,
    1,
  ],
  [
    1,
    ,
    ,
    ,
    1,
  ],
  [
    ,
    ,
    ,
    1,
    ,
    ,
    ,
    1,
  ],
  [
    ,
    1,
    ,
    ,
    ,
    ,
    1,
  ],
  [
    ,
    1,
    1,
    ,
    ,
    1,
  ],
  [
    ,
    ,
    ,
    ,
    1,
  ],
]
`;
