// Jest Snapshot v1, https://goo.gl/fbAQLP

exports[`Queue dequeues elements: on Queue with 1 item 1`] = `[]`;

exports[`Queue dequeues elements: on Queue with 2 items 1`] = `
[
  2,
]
`;

exports[`Queue dequeues elements: on Queue with 3 items 1`] = `
[
  2,
  3,
]
`;

exports[`Queue dequeues elements: on empty Queue 1`] = `[]`;

exports[`Queue enqueues elements: on Queue with 1 item 1`] = `
[
  1,
  2,
]
`;

exports[`Queue enqueues elements: on Queue with 2 items 1`] = `
[
  1,
  2,
  3,
]
`;

exports[`Queue enqueues elements: on empty Queue 1`] = `
[
  1,
]
`;

exports[`Queue initializes correctly: initialized Queue in List 1`] = `[]`;

exports[`Queue performs combined operations 1`] = `
[
  3,
]
`;
