// Jest Snapshot v1, https://goo.gl/fbAQLP

exports[`MinHeap extracts Max root properly: extracting 0 from heap with several items 1`] = `
[
  1,
  2,
  3,
  5,
  4,
  19,
  10,
  6,
]
`;

exports[`MinHeap extracts Max root properly: extracting 1 from heap with several items 1`] = `
[
  2,
  4,
  3,
  5,
  6,
  19,
  10,
]
`;

exports[`MinHeap extracts Max root properly: extracting 2 from heap with several items 1`] = `
[
  3,
  4,
  10,
  5,
  6,
  19,
]
`;

exports[`MinHeap extracts Max root properly: extracting 3 from heap with several items 1`] = `
[
  4,
  5,
  10,
  19,
  6,
]
`;

exports[`MinHeap extracts Max root properly: extracting 4 from heap with several items 1`] = `
[
  5,
  6,
  10,
  19,
]
`;

exports[`MinHeap extracts Max root properly: extracting 5 from heap with several items 1`] = `
[
  6,
  19,
  10,
]
`;

exports[`MinHeap extracts Max root properly: extracting 6 from heap with several items 1`] = `
[
  10,
  19,
]
`;

exports[`MinHeap extracts Max root properly: extracting 10 from heap with several items 1`] = `
[
  19,
]
`;

exports[`MinHeap extracts Max root properly: extracting 19 from heap with several items 1`] = `[]`;

exports[`MinHeap extracts Max root properly: extracting from heap with 1 item 1`] = `[]`;

exports[`MinHeap extracts Max root properly: extracting from heap with 2 items 1`] = `
[
  5,
]
`;

exports[`MinHeap extracts Max root properly: heap with several items 1`] = `
[
  0,
  2,
  1,
  5,
  4,
  3,
  10,
  6,
  19,
]
`;

exports[`MinHeap extracts Min root properly: extracting 0 from heap with several items 1`] = `
[
  1,
  2,
  3,
  5,
  4,
  19,
  10,
  6,
]
`;

exports[`MinHeap extracts Min root properly: extracting 1 from heap with several items 1`] = `
[
  2,
  4,
  3,
  5,
  6,
  19,
  10,
]
`;

exports[`MinHeap extracts Min root properly: extracting 2 from heap with several items 1`] = `
[
  3,
  4,
  10,
  5,
  6,
  19,
]
`;

exports[`MinHeap extracts Min root properly: extracting 3 from heap with several items 1`] = `
[
  4,
  5,
  10,
  19,
  6,
]
`;

exports[`MinHeap extracts Min root properly: extracting 4 from heap with several items 1`] = `
[
  5,
  6,
  10,
  19,
]
`;

exports[`MinHeap extracts Min root properly: extracting 5 from heap with several items 1`] = `
[
  6,
  19,
  10,
]
`;

exports[`MinHeap extracts Min root properly: extracting 6 from heap with several items 1`] = `
[
  10,
  19,
]
`;

exports[`MinHeap extracts Min root properly: extracting 10 from heap with several items 1`] = `
[
  19,
]
`;

exports[`MinHeap extracts Min root properly: extracting 19 from heap with several items 1`] = `[]`;

exports[`MinHeap extracts Min root properly: extracting from heap with 1 item 1`] = `[]`;

exports[`MinHeap extracts Min root properly: extracting from heap with 2 items 1`] = `
[
  5,
]
`;

exports[`MinHeap extracts Min root properly: heap with several items 1`] = `
[
  0,
  2,
  1,
  5,
  4,
  3,
  10,
  6,
  19,
]
`;

exports[`MinHeap inserts items properly 1`] = `
[
  1,
]
`;

exports[`MinHeap inserts items properly 2`] = `
[
  1,
  5,
]
`;

exports[`MinHeap inserts items properly 3`] = `
[
  1,
  5,
  3,
]
`;

exports[`MinHeap inserts items properly 4`] = `
[
  1,
  4,
  3,
  5,
]
`;

exports[`MinHeap inserts items properly 5`] = `
[
  1,
  2,
  3,
  5,
  4,
]
`;

exports[`MinHeap inserts items properly 6`] = `
[
  0,
  2,
  1,
  5,
  4,
  3,
]
`;

exports[`MinHeap inserts items properly 7`] = `
[
  0,
  2,
  1,
  5,
  4,
  3,
  10,
]
`;
